should pass all kinds of assertion for both deployments:
  1: |
    replicas: 1
    template:
      metadata:
        annotations:
          some_template: |
            ---
            apiVersion: ...
            this: is test for old separator workaround bug
        labels:
          app: with-subfolder
          release: RELEASE-NAME
      spec:
        containers:
        - image: apache:latest
          imagePullPolicy: Always
          livenessProbe:
            httpGet:
              path: /
              port: 8080
          name: with-subfolder
          ports:
          - containerPort: null
          readinessProbe:
            httpGet:
              path: /
              port: 8080
          resources: {}
  2: |
    replicas: 1
    template:
      metadata:
        labels:
          app: with-subfolder
          release: RELEASE-NAME
      spec:
        containers:
        - image: apache:latest
          imagePullPolicy: Always
          livenessProbe:
            httpGet:
              path: /
              port: 8080
          name: with-subfolder
          ports:
          - containerPort: 8080
          readinessProbe:
            httpGet:
              path: /
              port: 8080
          resources: {}
